<area shape="rect" href="$base_8inc_8php.html#19a8179130215d05ff50b9e72f2c46d3" title="augmentation_competence" alt="" coords="137,5,313,32">
<area shape="rect" href="$base_8inc_8php.html#2c272fe9cfde5f7c8117d8571c49c40d" title="calcul_pp" alt="" coords="385,56,460,83">
<area shape="rect" href="$action_8inc_8php.html#fa6728855931f0feb1a5ee09e5a97c08" title="critique_magique" alt="" coords="363,107,483,133">
<area shape="rect" href="$action_8inc_8php.html#2a9c1e5a32314f87eec36f89a72a9a2e" title="degat_critique" alt="" coords="372,208,473,235">
<area shape="rect" href="$attaque_8inc_8php.html#02093b30ac133fbc3bb0c5d4d9ccaeab" title="degat_magique" alt="" coords="171,157,280,184">
<area shape="rect" href="$time_8inc_8php.html#a8bcd4bada1265a01208f21148f60c5e" title="Indique quel est le moment de la journée (matin, journée, soir ou nuit)." alt="" coords="177,259,273,285">
<area shape="rect" href="$comp_8class_8php.html#6629c09106d50d1c7d8d03c48d370436" title="sort_effects" alt="" coords="181,309,269,336">
<area shape="rect" href="$base_8inc_8php.html#19ea8bf3556dd8b7bc94c142cc8c0542" title="de_degat" alt="" coords="385,157,460,184">
<area shape="rect" href="$time_8inc_8php.html#5dc4d8d9e53a8d1d65edcab9cd1dacb9" title="Renvoie l&#39;heure (uniquement) qu&#39;il est dans le jeu." alt="" coords="383,259,463,285">
