<area shape="rect" href="$base_8inc_8php.html#19a8179130215d05ff50b9e72f2c46d3" title="augmentation_competence" alt="" coords="121,5,308,35">
<area shape="rect" href="$base_8inc_8php.html#2c272fe9cfde5f7c8117d8571c49c40d" title="calcul_pp" alt="" coords="175,59,255,88">
<area shape="rect" href="$base_8inc_8php.html#19ea8bf3556dd8b7bc94c142cc8c0542" title="de_degat" alt="" coords="176,112,253,141">
<area shape="rect" href="$classmaitrise__bouclier.html#2f85328e9f60c54350ada13ba9bdc106" title="maitrise_bouclier::factory" alt="" coords="125,165,304,195">
<area shape="rect" href="$classfleche__poison.html#05d5cdccd5db49d9c0009bcc894a400d" title="fleche_poison::factory" alt="" coords="136,219,293,248">
<area shape="rect" href="$classfleche__magnetique.html#d804267a97e05eae9e9c00032d17f39f" title="fleche_magnetique::factory" alt="" coords="121,272,308,301">
<area shape="rect" href="$classempoisonne.html#9013df906ce968dcf7e4faac18011e12" title="empoisonne::factory" alt="" coords="141,325,288,355">
<area shape="rect" href="$time_8inc_8php.html#a8bcd4bada1265a01208f21148f60c5e" title="Indique quel est le moment de la journée (matin, journée, soir ou nuit)." alt="" coords="163,379,267,408">
<area shape="rect" href="$comp_8class_8php.html#6629c09106d50d1c7d8d03c48d370436" title="sort_effects" alt="" coords="169,432,260,461">
<area shape="rect" href="$time_8inc_8php.html#5dc4d8d9e53a8d1d65edcab9cd1dacb9" title="Renvoie l&#39;heure (uniquement) qu&#39;il est dans le jeu." alt="" coords="392,352,477,381">
<area shape="rect" href="$base_8inc_8php.html#c3a04c3bc3e42c54d90b1c14e9061214" title="Fonction permettant de récupérer les infos essentielles du perso (nom, race, classe..." alt="" coords="359,405,511,435">
