<area shape="rect" href="$base_8inc_8php.html#2b1d58868952483790df70a8b0539c61" title="batiment_map" alt="" coords="340,32,444,59">
<area shape="rect" href="$base_8inc_8php.html#ae459f46fc695ca607b6b8dd54abf9a3" title="check_case" alt="" coords="169,32,260,59">
<area shape="rect" href="$base_8inc_8php.html#8f6dae8735bd5af08d403f5a2b78de71" title="recupbatiment" alt="" coords="163,83,267,109">
<area shape="rect" href="$groupe_8inc_8php.html#203fa94ae8aff12eb7aeb854c286d206" title="recupgroupe" alt="" coords="169,133,260,160">
<area shape="rect" href="$base_8inc_8php.html#6aa39ff189b7dd018fb6980b5330ab67" title="verif_mort" alt="" coords="177,184,252,211">
<area shape="rect" href="$base_8inc_8php.html#9c88b8555ba03e4e43a3e77c5c6e575e" title="verif_ville" alt="" coords="179,235,251,261">
<area shape="rect" href="$base_8inc_8php.html#c28cbcd0bda84cb77614994a18067f38" title="cout_pa2" alt="" coords="517,32,592,59">
<area shape="rect" href="$groupe_8inc_8php.html#bd6b2a2a82cdaf199d8426253b9b317d" title="degroup" alt="" coords="359,133,425,160">
<area shape="rect" href="$security_8inc_8php.html#48c4fb90180f16ba2648898fc277710a" title="check_undead_players" alt="" coords="315,184,469,211">
