<area shape="rect" href="$base_8inc_8php.html#2b1d58868952483790df70a8b0539c61" title="Donne le bâtiment situé sur une certaine case." alt="" coords="375,15,484,44">
<area shape="rect" href="$base_8inc_8php.html#ae459f46fc695ca607b6b8dd54abf9a3" title="Vérifie les modifications de la case." alt="" coords="181,40,272,69">
<area shape="rect" href="$base_8inc_8php.html#8f6dae8735bd5af08d403f5a2b78de71" title="Récupère les informations sur un bâtiment." alt="" coords="172,93,281,123">
<area shape="rect" href="$groupe_8inc_8php.html#6ff2d5a26752095e92a2ff4b43cf625f" title="recupgroupe" alt="" coords="177,147,276,176">
<area shape="rect" href="$base_8inc_8php.html#6aa39ff189b7dd018fb6980b5330ab67" title="verif_mort" alt="" coords="185,200,268,229">
<area shape="rect" href="$base_8inc_8php.html#9c88b8555ba03e4e43a3e77c5c6e575e" title="verif_ville" alt="" coords="187,253,267,283">
<area shape="rect" href="$base_8inc_8php.html#c28cbcd0bda84cb77614994a18067f38" title="Ajuste le coût en PA d&#39;un déplacement en fonction de tous les parmètres qui..." alt="" coords="576,15,653,44">
<area shape="rect" href="$groupe_8inc_8php.html#bd6b2a2a82cdaf199d8426253b9b317d" title="degroup" alt="" coords="393,93,465,123">
<area shape="rect" href="$classmessagerie.html#320289138709a3bd111e218fcc8c6ce5" title="messagerie::envoi_message" alt="" coords="332,147,527,176">
<area shape="rect" href="$security_8inc_8php.html#48c4fb90180f16ba2648898fc277710a" title="check_undead_players" alt="" coords="348,200,511,229">
