<area shape="rect" href="$attaque_8inc_8php.html#2791684fa0ff34996044148c598a2d64" title="attaque" alt="" coords="287,5,351,32">
<area shape="rect" href="$action_8inc_8php.html#09b6dc45f599376a3695ec53bbb1d461" title="Utilise une compétence." alt="" coords="273,56,364,83">
<area shape="rect" href="$action_8inc_8php.html#eac6f598954a3952c8dbbaed9d6ea370" title="Lance un sort lors d&#39;un combat." alt="" coords="279,107,359,133">
<area shape="rect" href="$classcompetence.html#133f24d03a1417764b5b94f0c7c421ab" title="competence::test_montee" alt="" coords="233,157,404,184">
<area shape="rect" href="$classart__critique.html#5c053fdffbe1e4a74ef6fc4a1f4c88f6" title="art_critique::fin_round" alt="" coords="472,107,616,133">
<area shape="rect" href="$classmaitrise__dague.html#7f0a0b02f95cda54f951b2b162dbc8a3" title="maitrise_dague::fin_round" alt="" coords="460,157,628,184">
<area shape="rect" href="$classmaitrise__bouclier.html#ec72dd2a421f85caf36a892c6f95a9fa" title="maitrise_bouclier::fin_round" alt="" coords="455,208,633,235">
