<area shape="rect" href="$base_8inc_8php.html#2b1d58868952483790df70a8b0539c61" title="Donne le bâtiment situé sur une certaine case." alt="" coords="429,204,539,233">
<area shape="rect" href="$classmap__case.html#ac485928cb450db13e9be062d0122bf5" title="Vérifie les modifications de la case." alt="" coords="171,85,333,115">
<area shape="rect" href="$classperso.html#4f083c09f32cf3715ffe9f88362247fc" title="perso::get_pos" alt="" coords="196,32,308,61">
<area shape="rect" href="$classentite.html#9b8852c45a6e451ea772759c6b1c3871" title="entite::get_pos" alt="" coords="196,189,308,219">
<area shape="rect" href="$base_8inc_8php.html#2e5c99ff4944f082bdea55e9fd279336" title="Calcul des constructions/armes de siege dans la visu d&#39;un joueur La distance..." alt="" coords="405,283,563,312">
<area shape="rect" href="$base_8inc_8php.html#0d89eafca33ed40d768bd6dae1d9e805" title="Calcul des joueurs dans la visu d&#39;un autre La distance utilisée est la distance..." alt="" coords="188,296,316,325">
<area shape="rect" href="$base_8inc_8php.html#8f6dae8735bd5af08d403f5a2b78de71" title="Récupère les informations sur un bâtiment." alt="" coords="197,243,307,272">
<area shape="rect" href="$groupe_8inc_8php.html#6ff2d5a26752095e92a2ff4b43cf625f" title="recupgroupe" alt="" coords="203,400,301,429">
<area shape="rect" href="$base_8inc_8php.html#9c88b8555ba03e4e43a3e77c5c6e575e" title="Vérifie si une certaine position correspond a une ville." alt="" coords="212,453,292,483">
<area shape="rect" href="$base_8inc_8php.html#c28cbcd0bda84cb77614994a18067f38" title="Ajuste le coût en PA d&#39;un déplacement en fonction de tous les parmètres qui..." alt="" coords="635,204,712,233">
<area shape="rect" href="$classperso.html#37ae33d8cbbd31f76cb5117e042dacaa" title="perso::get_distance_joueur" alt="" coords="389,5,579,35">
<area shape="rect" href="$classperso.html#de86cb8e0f09a1e768920ffdbf6c75be" title="perso::get_distance_pytagore" alt="" coords="383,59,585,88">
<area shape="rect" href="$groupe_8inc_8php.html#bd6b2a2a82cdaf199d8426253b9b317d" title="degroup" alt="" coords="448,400,520,429">
<area shape="rect" href="$classcraft__recette.html#c13f1f3fe45a2c152e99f7e3be4c72a7" title="craft_recette::get_info_joueur" alt="" coords="384,453,584,483">
