<area shape="rect" href="$classmap.html#dac487271a21b805ec56f4f8dbe523a3" title="map::affiche" alt="" coords="225,32,321,61">
<area shape="rect" href="$base_8inc_8php.html#6d2c7638ffdeb0f25c87c6a512e9de19" title="Calcule la distance &quot;non pythagoriciene&quot; entre deux personnages." alt="" coords="215,85,332,115">
<area shape="rect" href="$base_8inc_8php.html#2d3292ed5dd5c93b9a42992691cee8aa" title="Calcule la distance &quot;pythagoriciene&quot; entre deux personnages." alt="" coords="184,191,363,220">
<area shape="rect" href="$classmap__case.html#9e8d45e0c7d4efa163084976ab689162" title="map_case::coord" alt="" coords="209,271,337,300">
<area shape="rect" href="$base_8inc_8php.html#ed5f8dc37c106ba49da25e33dbee3224" title="Detecte si l&#39;attaquant est sur la meme case." alt="" coords="205,324,341,353">
<area shape="rect" href="$classperso.html#37ae33d8cbbd31f76cb5117e042dacaa" title="perso::get_distance_joueur" alt="" coords="419,5,608,35">
<area shape="rect" href="$base_8inc_8php.html#8f6dae8735bd5af08d403f5a2b78de71" title="Récupère les informations sur un bâtiment." alt="" coords="459,59,568,88">
<area shape="rect" href="$base_8inc_8php.html#2b1d58868952483790df70a8b0539c61" title="Donne le bâtiment situé sur une certaine case." alt="" coords="691,57,800,87">
<area shape="rect" href="$base_8inc_8php.html#2e5c99ff4944f082bdea55e9fd279336" title="Calcul des constructions/armes de siege dans la visu d&#39;un joueur La distance..." alt="" coords="667,111,824,140">
<area shape="rect" href="$base_8inc_8php.html#c28cbcd0bda84cb77614994a18067f38" title="Ajuste le coût en PA d&#39;un déplacement en fonction de tous les parmètres qui..." alt="" coords="875,57,952,87">
<area shape="rect" href="$classperso.html#de86cb8e0f09a1e768920ffdbf6c75be" title="perso::get_distance_pytagore" alt="" coords="412,163,615,192">
<area shape="rect" href="$base_8inc_8php.html#0d89eafca33ed40d768bd6dae1d9e805" title="Calcul des joueurs dans la visu d&#39;un autre La distance utilisée est la distance..." alt="" coords="449,216,577,245">
<area shape="rect" href="$groupe_8inc_8php.html#6ff2d5a26752095e92a2ff4b43cf625f" title="recupgroupe" alt="" coords="464,269,563,299">
<area shape="rect" href="$groupe_8inc_8php.html#bd6b2a2a82cdaf199d8426253b9b317d" title="degroup" alt="" coords="709,269,781,299">
<area shape="rect" href="$classmap__case.html#b80938aeb5295e77abba3f1f39c48f90" title="map_case::get_x" alt="" coords="452,323,575,352">
<area shape="rect" href="$classmap__case.html#c26240f38d0582e5c744370a2067c00d" title="map_case::get_y" alt="" coords="452,376,575,405">
<area shape="rect" href="$classmap__case.html#ac485928cb450db13e9be062d0122bf5" title="Vérifie les modifications de la case." alt="" coords="664,376,827,405">
