<area shape="rect" href="$classmessagerie__message.html#a9ff9fe04253de375e6360c9f219cddc" title="Constructeur permettant la cr?ation d&#39;un message." alt="" coords="208,5,443,35">
<area shape="rect" href="$classmessagerie.html#320289138709a3bd111e218fcc8c6ce5" title="messagerie::envoi_message" alt="" coords="228,59,423,88">
<area shape="rect" href="$classmessagerie.html#8a6b9e9b12d4863cd241fcfd4fb3af98" title="messagerie::get_threads" alt="" coords="240,112,411,141">
<area shape="rect" href="$time_8inc_8php.html#a8bcd4bada1265a01208f21148f60c5e" title="Indique quel est le moment de la journée (matin, journée, soir ou nuit)." alt="" coords="273,165,377,195">
<area shape="rect" href="$attaque_8inc_8php.html#2791684fa0ff34996044148c598a2d64" title="attaque" alt="" coords="504,112,571,141">
<area shape="rect" href="$action_8inc_8php.html#eac6f598954a3952c8dbbaed9d6ea370" title="Lance un sort lors d&#39;un combat." alt="" coords="495,165,580,195">
<area shape="rect" href="$base_8inc_8php.html#0c244be4e4bf4a7a5ac3d33caec4fe48" title="Fonction permettant de récupérer les infos des perso, et de les renvoyer." alt="" coords="492,219,583,248">
<area shape="rect" href="$security_8inc_8php.html#48c4fb90180f16ba2648898fc277710a" title="check_undead_players" alt="" coords="632,139,795,168">
<area shape="rect" href="$equipement_8inc_8php.html#7819f0d89772aa351963ada3978870a5" title="equip_objet" alt="" coords="667,192,760,221">
<area shape="rect" href="$quete_8inc_8php.html#4bcfd3fff97b506404ded6239d5fb77d" title="verif_action" alt="" coords="667,245,760,275">
<area shape="rect" href="$equipement_8inc_8php.html#eb5d170da1e7ccdccc8ce037c705f8da" title="verif_echange_joueur" alt="" coords="636,299,791,328">
<area shape="rect" href="$equipement_8inc_8php.html#ea0a0acf3578fc049036e57155c05d6d" title="echange_objet_ajout" alt="" coords="843,272,992,301">
<area shape="rect" href="$equipement_8inc_8php.html#29f8f46cb1bf45fdb0d94f39bade0524" title="verif_echange" alt="" coords="864,325,971,355">
