<area shape="rect" href="$class_accessoire.html" title="{Accessoire\n|# $puissance\l# $description\l# $effet\l# $batimentReq\l# $achetable\l|+ __construct()\l+ getPuissance()\l+ getDescription()\l+ getEffet()\l+ getBatiment()\l+ isAchetable()\l+ setPuissance()\l+ setDescription()\l+ setEffet()\l+ setAchetable()\l+ sauver()\l+ supprimer()\l+ __toString()\l}" alt="" coords="5,397,128,733">
<area shape="rect" href="$class_armure.html" title="{Armure\n|# $pp\l# $pm\l# $forceReq\l# $effet\l# $batimentReq\l|+ __construct()\l+ getPP()\l+ getPM()\l+ getEffet()\l+ getBatiment()\l+ getForce()\l+ setPP()\l+ setPM()\l+ setEffet()\l+ setBatimentReq()\l+ setForce()\l+ sauver()\l+ supprimer()\l+ __toString()\l}" alt="" coords="152,389,285,741">
<area shape="rect" href="$class_objet_royaume.html" title="{ObjetRoyaume\n|# $grade\l# $batiment\l|+ __construct()\l+ getGrade()\l+ getBatiment()\l+ setGrade()\l+ setBatiment()\l+ sauver()\l+ supprimer()\l+ __toString()\l}" alt="" coords="309,461,421,669">
<area shape="rect" href="$class_objets.html" title="{Objets\n|# $achetable\l# $effet\l# $stack\l# $utilisable\l# $description\l|+ __construct()\l+ isAchetable()\l+ getEffet()\l+ getStack()\l+ isUtilisable()\l+ getDescription()\l+ setAchetable()\l+ setEffet()\l+ setStack()\l+ setUtilisable()\l+ setDescription()\l+ sauver()\l+ supprimer()\l+ __toString()\l}" alt="" coords="445,389,568,741">
