<area shape="rect" href="$classart__critique.html#5c053fdffbe1e4a74ef6fc4a1f4c88f6" title="Action a effectuer en fin de round." alt="" coords="253,5,413,35">
<area shape="rect" href="$classmaitrise__critique.html#071091973b2a0e75d1d0998626bc14b0" title="Action a effectuer en fin de round." alt="" coords="237,59,429,88">
<area shape="rect" href="$classmaitrise__arc.html#6e9bf1be37410534beb49c0fb1f6b525" title="Action a effectuer en fin de round." alt="" coords="251,112,416,141">
<area shape="rect" href="$classmaitrise__hache.html#4545264270e62508e3170714ea72491c" title="Action a effectuer en fin de round." alt="" coords="241,165,425,195">
<area shape="rect" href="$classmaitrise__epee.html#2601edf4f2edb4aec4efc00233e8cb51" title="Action a effectuer en fin de round." alt="" coords="245,219,421,248">
<area shape="rect" href="$classmaitrise__dague.html#7f0a0b02f95cda54f951b2b162dbc8a3" title="Action a effectuer en fin de round." alt="" coords="241,272,425,301">
<area shape="rect" href="$classmaitrise__bouclier.html#ec72dd2a421f85caf36a892c6f95a9fa" title="Action a effectuer en fin de round." alt="" coords="235,325,432,355">
