<area shape="rect" href="$classroyaume.html#e175e65d7af3dc5257a7389313623c31" title="Modifie la valeur de l&#39;attribut &#160;public." alt="" coords="284,5,420,35">
<area shape="rect" href="$classroyaume.html#d17d44d643cb330752ada23d1a568a23" title="Modifie la valeur de l&#39;attribut &#160;public." alt="" coords="272,59,432,88">
<area shape="rect" href="$classroyaume.html#546063a34767fa86c4f8732ff602cc75" title="Modifie la valeur de l&#39;attribut &#160;public." alt="" coords="287,112,417,141">
<area shape="rect" href="$classroyaume.html#d7cec38153cd410e15892a2b53f8ed8d" title="Modifie la valeur de l&#39;attribut &#160;public." alt="" coords="273,165,431,195">
<area shape="rect" href="$classroyaume.html#373f6415763bae93631ebdcf2c9349b6" title="Modifie la valeur de l&#39;attribut &#160;public." alt="" coords="284,219,420,248">
<area shape="rect" href="$classroyaume.html#ecc36ba2853698e5d787affc820be0e9" title="Modifie la valeur de l&#39;attribut &#160;public." alt="" coords="280,272,424,301">
<area shape="rect" href="$classroyaume.html#8bbec6de80358c55f4fa9b9d8ffa1d26" title="Modifie la valeur de l&#39;attribut &#160;public." alt="" coords="281,325,423,355">
