<area shape="rect" href="$classdb.html#fb3a3eb43230dcbb00cb2b3693f3963f" title="db::field_name" alt="" coords="165,60,277,89">
<area shape="rect" href="$classdb.html#0f2df038aa4fb7f97b7e8eb18d5f5a3e" title="db::field_type" alt="" coords="169,113,273,143">
<area shape="rect" href="$classdb.html#42640cf484d13cead8f42e9874313152" title="db::get_table_property" alt="" coords="141,217,301,247">
<area shape="rect" href="$classdb.html#39891365ebd656fc16458dcc98678d1e" title="Executer une requète." alt="" coords="349,165,429,195">
<area shape="rect" href="$classdb.html#72ff0f699c332046066be4ae10fe0eda" title="db::read_array" alt="" coords="657,245,767,275">
<area shape="rect" href="$classdb.html#6f1bd77d46edff27d64b9c659081c76c" title="db::backtrace" alt="" coords="491,5,595,35">
<area shape="rect" href="$classdb.html#d722af34cba17c7294fe08359bd0563c" title="Constructeur." alt="" coords="512,59,573,88">
<area shape="rect" href="$classdb.html#bc2045ceaf9d92bc20fd388518535a9b" title="db::num_rows" alt="" coords="488,112,597,141">
<area shape="rect" href="$classdb.html#aa415dd5b6a335d68c521e7e45330071" title="check_query" alt="" coords="477,165,608,195">
<area shape="rect" href="$classdb.html#243ee94521cf6de348caf1cfb35851d9" title="db::unlock" alt="" coords="499,219,587,248">
