<area shape="rect" href="$classcomp__combat.html" title="Competence de combat." alt="" coords="605,1024,717,1112">
<area shape="rect" href="$classeffect.html" title="Classe de base pour la gestion des effets en combat." alt="" coords="564,5,759,728">
<area shape="rect" href="$classbotte.html" title="botte : competence de combat avec une condition" alt="" coords="377,1188,489,1295">
<area shape="rect" href="$classfleche__poison.html" title="{fleche_poison\n|+ $poison\l|+ __construct()\l+ calcul_arme()\l+ inflige_degats()\l+ fin_round()\l+ factory()\l}" alt="" coords="513,1160,641,1323">
<area shape="rect" href="$classprecision__chirurgicale.html" title="{precision_chirurgicale\n||+ __construct()\l+ calcul_critique()\l}" alt="" coords="665,1188,825,1295">
<area shape="rect" href="$classpreparation.html" title="{preparation\n||+ __construct()\l+ debut_round()\l}" alt="" coords="849,1188,969,1295">
<area shape="rect" href="$classbotte__aigle.html" title="{botte_aigle\n||+ __construct()\l+ debut_round()\l}" alt="" coords="5,1380,125,1487">
<area shape="rect" href="$classbotte__chat.html" title="{botte_chat\n||+ __construct()\l+ debut_round()\l}" alt="" coords="149,1380,269,1487">
<area shape="rect" href="$classbotte__crabe.html" title="{botte_crabe\n||+ __construct()\l+ inflige_degats()\l}" alt="" coords="293,1380,421,1487">
<area shape="rect" href="$classbotte__ours.html" title="{botte_ours\n||+ __construct()\l+ etourdit()\l+ inflige_degats()\l}" alt="" coords="445,1371,573,1496">
<area shape="rect" href="$classbotte__scorpion.html" title="{botte_scorpion\n||+ __construct()\l+ calcul_critique()\l}" alt="" coords="597,1380,728,1487">
<area shape="rect" href="$classbotte__tigre.html" title="{botte_tigre\n||+ __construct()\l+ calcul_degats()\l}" alt="" coords="752,1380,877,1487">
