<area shape="rect" href="$classglobe__foudre.html#ba37eab0bbcea38bf04338b35d2e694e" title="globe_foudre::__construct" alt="" coords="175,5,359,35">
<area shape="rect" href="$classmagnetique.html#2b239ad153a758decd8c75174c80e477" title="magnetique::__construct" alt="" coords="180,59,353,88">
<area shape="rect" href="$classgemme__enchassee.html#3075289d64883083e79fcb577bb10005" title="Modifie les dégâts lorsque le coup est bloqué (en plus des dégâts bloqués)..." alt="" coords="133,112,400,141">
<area shape="rect" href="$classmagnetique.html#7e212fbedf6704c0d7f6ac9fbdd3d030" title="Modifie les dégâts." alt="" coords="173,165,360,195">
<area shape="rect" href="$classpoison__lent.html#55f4b0f9d7c542610c5ff46b35a6ec03" title="Action a effectuer en fin de round." alt="" coords="185,219,348,248">
<area shape="rect" href="$classempoisonne.html#d855640411136a518c1fc302838a3c7a" title="Action a effectuer en fin de round." alt="" coords="184,272,349,301">
<area shape="rect" href="$classmagnetique.html#80fb56483bbd15fa02ab492bb718d522" title="Action a effectuer en fin de round." alt="" coords="185,325,348,355">
<area shape="rect" href="$classfleche__poison.html#a268d3331a123d871170899452a8ef90" title="Action a effectuer en fin de round." alt="" coords="179,379,355,408">
<area shape="rect" href="$classgemme__enchassee.html#406b1cbd878545179cf69caf23474550" title="Applique les effets ayant lieu lorsque les dégâts ont lieu." alt="" coords="149,432,384,461">
