<area shape="rect" href="$classdb.html#2f6c83e659790391dc6aacc661d45aa4" title="add" alt="" coords="361,21,428,51">
<area shape="rect" href="$classdb.html#7b7e63f6424ba7a85e8daa8bf81d5caf" title="Vérifie les droits d&#39;un utilisateur à une table/colonne." alt="" coords="155,164,272,193">
<area shape="rect" href="$classdb.html#1c38b77638998e50afb2d9dfdfa24115" title="db::delete" alt="" coords="172,217,255,247">
<area shape="rect" href="$classdb.html#aa6f9ee4beba54efd244d7a084da99c4" title="db::get_enum" alt="" coords="160,321,267,351">
<area shape="rect" href="$classdb.html#78ad7cf837964b52afa62e6b606329a2" title="Changement des valeurs d&#39;un typ ENUM." alt="" coords="343,296,447,325">
<area shape="rect" href="$classdb.html#9c0d76eccb30b2c527ab87974e85d758" title="Retourne le nom de la clé primaire d&#39;une table." alt="" coords="140,375,287,404">
<area shape="rect" href="$classdb.html#42640cf484d13cead8f42e9874313152" title="db::get_table_property" alt="" coords="133,60,293,89">
<area shape="rect" href="$classdb.html#419ba2fcbdf6009b7de23c3e7a6091bb" title="db::update" alt="" coords="351,100,439,129">
<area shape="rect" href="$classdb.html#3226cf59bb5ab3688eb5219e29735066" title="db::is_locked" alt="" coords="161,479,265,508">
<area shape="rect" href="$classdb.html#a3fb51b71380c547620e0c4d7bc8f5a3" title="db::lock" alt="" coords="359,453,431,483">
<area shape="rect" href="$classdb.html#7b718b2a88f68c0b352edf57151a301e" title="db::optimize_db" alt="" coords="152,532,275,561">
<area shape="rect" href="$classdb.html#76676ff4b45acc2b0a384004a4c30272" title="db::table_exists" alt="" coords="155,585,272,615">
<area shape="rect" href="$classdb.html#243ee94521cf6de348caf1cfb35851d9" title="db::unlock" alt="" coords="169,639,257,668">
