<area shape="rect" href="$classconstruction__ville.html#4ebc2f5f9a14ceffe95ee0a13840cbfb" title="construction_ville::get_batiment_inferieur" alt="" coords="253,5,533,35">
<area shape="rect" href="$classconstruction__ville.html#9945f4b01898b67ac901d70449a22849" title="Retourne la valeur de l&#39;attribut &#160;public." alt="" coords="303,59,484,88">
<area shape="rect" href="$classconstruction__ville.html#f3c7acec46407ee84cb428f90e0b556a" title="Retourne la valeur de l&#39;attribut &#160;public." alt="" coords="304,112,483,141">
<area shape="rect" href="$classconstruction__ville.html#fb12aedf34d697effc94f81f52e88217" title="Sauvegarde automatiquement en base de donnée." alt="" coords="303,165,484,195">
<area shape="rect" href="$classconstruction__ville.html#579426d83896e653628a0b3817b70aeb" title="Modifie la valeur de l&#39;attribut &#160;public." alt="" coords="303,219,484,248">
<area shape="rect" href="$classconstruction__ville.html#d36255ff28391f5286385679e934b99f" title="Modifie la valeur de l&#39;attribut &#160;public." alt="" coords="275,272,512,301">
<area shape="rect" href="$classconstruction__ville.html#ceaf14143d2c71b0de1809bc0532d4de" title="Modifie la valeur de l&#39;attribut &#160;public." alt="" coords="293,325,493,355">
<area shape="rect" href="$classconstruction__ville.html#252fffed93f4b19f2f105e265150da98" title="construction_ville::get_batiment_level" alt="" coords="581,5,837,35">
<area shape="rect" href="$classbatiment__ville.html#3239993510661d78955338035fe014aa" title="Supprime de la base de donnée &#160;static." alt="" coords="887,5,1039,35">
