<area shape="rect" href="$classgemme__enchassee.html#3075289d64883083e79fcb577bb10005" title="Modifie les dégâts lorsque le coup est bloqué (en plus des dégâts bloqués)..." alt="" coords="171,112,437,141">
<area shape="rect" href="$classbotte.html#e99f544c95d4ec7622daa3f6439c02e4" title="botte::canUse" alt="" coords="252,165,356,195">
<area shape="rect" href="$classmagnetique.html#763a8710c892c062dc8adb7fe795267a" title="magnetique::magnetise" alt="" coords="221,272,387,301">
<area shape="rect" href="$classbotte__scorpion.html#4a1c40ec721ca3614d0b07b685f43a7f" title="Modifie le potentiel critique physique." alt="" coords="485,5,699,35">
<area shape="rect" href="$classbotte__tigre.html#1b5e1e03688fe2a3442dfb05dbeeecee" title="Modifie les dégâts." alt="" coords="503,59,681,88">
<area shape="rect" href="$classbotte__chat.html#eb2fc10d3b98187814f6a4559878ccc2" title="Action a effectuer en début de round." alt="" coords="507,112,677,141">
<area shape="rect" href="$classbotte__aigle.html#2e61e1f46def374d1b891334072d41a0" title="Action a effectuer en début de round." alt="" coords="504,165,680,195">
<area shape="rect" href="$classbotte__ours.html#82e7f504db3826813481b51eeb93dd0e" title="Applique les effets ayant lieu lorsque les dégâts ont lieu." alt="" coords="501,219,683,248">
<area shape="rect" href="$classbotte__crabe.html#27032b857366b9504c3ce54561a0e160" title="Applique les effets ayant lieu lorsque les dégâts ont lieu." alt="" coords="499,272,685,301">
<area shape="rect" href="$classmagnetique.html#80fb56483bbd15fa02ab492bb718d522" title="Action a effectuer en fin de round." alt="" coords="511,325,673,355">
