<area shape="rect" href="$classgemme__enchassee.html#b3ef89d2a8aade379226eca3644328ef" title="Les gemmes d&#39;arme (degat) de pp, pp_pourcent, pm, pm_pourcent, competence sont..." alt="" coords="211,5,400,35">
<area shape="rect" href="$classmaitrise__critique.html#e8711e1c24edf7dc6ae432951fdab53d" title="Crée l&#39;effet." alt="" coords="217,59,393,88">
<area shape="rect" href="$classmaitrise__dague.html#3837420dbec871a1d4e1e9e51f44dd59" title="Crée l&#39;effet." alt="" coords="223,112,388,141">
<area shape="rect" href="$classmaitrise__arc.html#f51059e8cd81fb5792e75e5d8196bcc3" title="Crée l&#39;effet." alt="" coords="232,165,379,195">
<area shape="rect" href="$classmaitrise__hache.html#21176c7122b0e4cfe13994975b90832f" title="Crée l&#39;effet." alt="" coords="223,219,388,248">
<area shape="rect" href="$classmaitrise__epee.html#27ccfed1bc84a55c0ede8a56fdd18703" title="Crée l&#39;effet." alt="" coords="227,272,384,301">
<area shape="rect" href="$classmaitrise__bouclier.html#81b8592bd75257f7091ca30bbbf6a5cf" title="Crée l&#39;effet." alt="" coords="216,325,395,355">
<area shape="rect" href="$classensable.html#e26f88715c4251b14f1d350af4556adb" title="Crée l&#39;effet." alt="" coords="245,379,365,408">
<area shape="rect" href="$classpoison__lent.html#91afb57736ab0e496a86c06af24de1b7" title="Crée l&#39;effet." alt="" coords="233,432,377,461">
<area shape="rect" href="$classempoisonne.html#6e275a389c313fa0e7b9a85c80cbd156" title="Crée l&#39;effet." alt="" coords="232,485,379,515">
<area shape="rect" href="$effect_8class_8php.html#6629c09106d50d1c7d8d03c48d370436" title="Tri un tableau d&#39;effets." alt="" coords="260,539,351,568">
