<area shape="rect" href="$classperso.html#8cc5c87059bc8336d2c62953a82785b8" title="perso::desequip" alt="" coords="389,192,509,221">
<area shape="rect" href="$classperso.html#972f3d33dd1ed1dc5d1d562ac351657a" title="perso::equip_objet" alt="" coords="580,87,716,116">
<area shape="rect" href="$classperso.html#94a27bdb23e16947e0414446d94ab840" title="perso::get_arme" alt="" coords="189,85,309,115">
<area shape="rect" href="$classperso.html#5d0866e538cacdcd4876f31ebe181ba0" title="perso::get_distance_tir" alt="" coords="368,139,531,168">
<area shape="rect" href="$classperso.html#11dc1459070d174cf36fba8d62c2e5ec" title="perso::get_bouclier" alt="" coords="179,240,320,269">
<area shape="rect" href="$classperso.html#72858cfcab0e606e222ff2ff56b3ab9c" title="perso::prend_objet" alt="" coords="180,293,319,323">
<area shape="rect" href="$classperso.html#1fefedd46be90c5c841f0bda7b0cfc44" title="perso::get_arme_degat" alt="" coords="368,85,531,115">
<area shape="rect" href="$classperso.html#332861352cd3f63880184e4292b381d0" title="perso::get_arme_type" alt="" coords="372,32,527,61">
