<area shape="rect" href="$class_accessoire.html" title="{Accessoire\n|# $puissance\l# $description\l# $effet\l# $batimentReq\l# $achetable\l|+ __construct()\l+ getPuissance()\l+ getDescription()\l+ getEffet()\l+ getBatiment()\l+ isAchetable()\l+ setPuissance()\l+ setDescription()\l+ setEffet()\l+ setAchetable()\l+ sauver()\l+ supprimer()\l+ infobulle()\l+ __toString()\l}" alt="" coords="5,565,128,917">
<area shape="rect" href="$class_arme.html" title="{Arme\n|# $degat\l# $forceReq\l# $melee\l# $distance\l# $portee\l# $mains\l# $var1\l# $effet\l# $batimentReq\l# $image\l|+ __construct()\l+ getDegat()\l+ getMelee()\l+ getDistance()\l+ getPortee()\l+ getMain()\l+ getVar1()\l+ getEffet()\l+ getBatiment()\l+ getImage()\l+ afficheImage()\l+ getForce()\l+ setDegat()\l+ setMelee()\l+ setDistance()\l+ setPortee()\l+ setEffet()\l+ setForce()\l+ setBatiment()\l+ setVar1()\l+ setImage()\l+ setMains()\l+ setNumMains()\l+ sauver()\l+ supprimer()\l+ infobulle()\l+ __toString()\l}" alt="" coords="152,421,272,1061">
<area shape="rect" href="$class_armure.html" title="{Armure\n|# $pp\l# $pm\l# $forceReq\l# $effet\l# $batimentReq\l|+ __construct()\l+ getPP()\l+ getPM()\l+ getEffet()\l+ getBatiment()\l+ getForce()\l+ setPP()\l+ setPM()\l+ setEffet()\l+ setBatimentReq()\l+ setForce()\l+ sauver()\l+ supprimer()\l+ infobulle()\l+ __toString()\l}" alt="" coords="296,557,429,925">
<area shape="rect" href="$class_objet_royaume.html" title="{ObjetRoyaume\n|# $grade\l# $batiment\l|+ __construct()\l+ getGrade()\l+ getBatiment()\l+ setGrade()\l+ setBatiment()\l+ sauver()\l+ supprimer()\l+ __toString()\l}" alt="" coords="453,637,565,845">
<area shape="rect" href="$class_objets.html" title="{Objets\n|# $achetable\l# $effet\l# $stack\l# $utilisable\l# $description\l|+ __construct()\l+ isAchetable()\l+ getEffet()\l+ getStack()\l+ isUtilisable()\l+ getDescription()\l+ setAchetable()\l+ setEffet()\l+ setStack()\l+ setUtilisable()\l+ setDescription()\l+ sauver()\l+ supprimer()\l+ infobulle()\l+ __toString()\l}" alt="" coords="589,557,712,925">
