<area shape="rect" href="$classperso.html#13e4200dce0d9bbc71307d1372be59c0" title="perso::get_buff" alt="" coords="432,56,547,85">
<area shape="rect" href="$classperso.html#fa0a2e199913be32e18c5e4d0148ebcb" title="perso::get_debuff" alt="" coords="425,855,553,884">
<area shape="rect" href="$classperso.html#d192cbe900a907a186428637c8d0b6fe" title="Retourne la valeur de l&#39;attribut &#160;public." alt="" coords="201,109,372,139">
<area shape="rect" href="$classperso.html#141778400b2d44ea43123469a13ba6ef" title="perso::get_enchantement" alt="" coords="199,163,375,192">
<area shape="rect" href="$classperso.html#8338fd266dba93464fed5401a8fa7644" title="Retourne la valeur de l&#39;attribut &#160;public." alt="" coords="219,216,355,245">
<area shape="rect" href="$classperso.html#8cb2962d7c4a31813430399cc6022196" title="Retourne la valeur de l&#39;attribut &#160;public." alt="" coords="233,269,340,299">
<area shape="rect" href="$classperso.html#034fa26197dc87a0c0a562cdc6e81482" title="Retourne la valeur de l&#39;attribut &#160;public." alt="" coords="217,323,356,352">
<area shape="rect" href="$classperso.html#7498e605319d938c0ec9ca4861deb259" title="Retourne la valeur de l&#39;attribut &#160;public." alt="" coords="219,376,355,405">
<area shape="rect" href="$classperso.html#877d942a2a0b1d1817505cee94bbbe87" title="Retourne la valeur de l&#39;attribut &#160;public." alt="" coords="217,429,356,459">
<area shape="rect" href="$classperso.html#c7e862c69294837514559c203ed1b6bf" title="Retourne la valeur de l&#39;attribut &#160;public." alt="" coords="232,483,341,512">
<area shape="rect" href="$classperso.html#a4ca944bfe6aa333b437c58bf153a662" title="Retourne la valeur de l&#39;attribut &#160;public." alt="" coords="215,536,359,565">
<area shape="rect" href="$classperso.html#f2933acbca724d5e24f43559657868a2" title="Retourne la valeur de l&#39;attribut &#160;public." alt="" coords="235,589,339,619">
<area shape="rect" href="$classperso.html#fc43b3014dc35169b3eae17e932d78fa" title="Retourne la valeur de l&#39;attribut &#160;public." alt="" coords="229,643,344,672">
<area shape="rect" href="$classperso.html#a36532fc67c52fd78d78402e24a1c499" title="Retourne la valeur de l&#39;attribut &#160;public." alt="" coords="213,696,360,725">
<area shape="rect" href="$classperso.html#8d0e883d2fb4a4741f8fa3c6173b15b3" title="Retourne la valeur de l&#39;attribut &#160;public." alt="" coords="233,749,340,779">
<area shape="rect" href="$classperso.html#237ae0e2d3fe5a66260a2a693d0daa42" title="Permet de savoir si le joueur est sous le buff nom." alt="" coords="233,56,340,85">
<area shape="rect" href="$classperso.html#0718779365c785212342c0333280df9e" title="Permet de savoir si le joueur est sous le debuff nom." alt="" coords="227,803,347,832">
<area shape="rect" href="$classperso.html#f27a7d04d0cfccc4b4adf84736178e73" title="Sauvegarde automatiquement en base de donnée." alt="" coords="235,907,339,936">
<area shape="rect" href="$classperso.html#b029232714f67b5b5f38e16a5b272420" title="Modifie la valeur de l&#39;attribut &#160;public." alt="" coords="201,960,372,989">
<area shape="rect" href="$classperso.html#03778c6f293885fc0c06644bbc572d10" title="Modifie la valeur de l&#39;attribut &#160;public." alt="" coords="235,1013,339,1043">
<area shape="rect" href="$classperso.html#5cb0b36ab8099b0c49462c7666413827" title="Modifie la valeur de l&#39;attribut &#160;public." alt="" coords="217,1067,356,1096">
<area shape="rect" href="$classperso.html#f33586f662ce2e6e5b3bb40bb84962e2" title="Modifie la valeur de l&#39;attribut &#160;public." alt="" coords="219,1120,355,1149">
<area shape="rect" href="$classperso.html#a188995ff003d0fed4f3edbe1adf07fa" title="Modifie la valeur de l&#39;attribut &#160;public." alt="" coords="217,1173,356,1203">
<area shape="rect" href="$classperso.html#b7c147c005ff8b5352e8852c00c37cd0" title="Modifie la valeur de l&#39;attribut &#160;public." alt="" coords="232,1227,341,1256">
<area shape="rect" href="$classperso.html#4f03ffab138d2019d458364abe7a5bc7" title="Modifie la valeur de l&#39;attribut &#160;public." alt="" coords="216,1280,357,1309">
<area shape="rect" href="$classperso.html#98d5a14e80df0126dba22eec36fa177b" title="Modifie la valeur de l&#39;attribut &#160;public." alt="" coords="235,1333,339,1363">
<area shape="rect" href="$classperso.html#026915476da8bd3144dd1ed4fdeeb834" title="Modifie la valeur de l&#39;attribut &#160;public." alt="" coords="213,1387,360,1416">
<area shape="rect" href="$classentite.html#7a7d1fb2228d05b60a201f0b9039f715" title="entite::get_type" alt="" coords="604,269,719,299">
<area shape="rect" href="$classperso.html#afb4ca0c3c5f670e60552308f7d27c3f" title="Retourne la valeur de l&#39;attribut &#160;public." alt="" coords="431,271,548,300">
