<area shape="rect" href="$classbotte.html" title="botte : competence de combat avec une condition" alt="" coords="355,845,464,941">
<area shape="rect" href="$classfleche__poison.html" title="{fleche_poison\n|+ $poison\l|+ __construct()\l+ calcul_arme()\l+ inflige_degats()\l+ fin_round()\l+ factory()\l}" alt="" coords="488,821,608,965">
<area shape="rect" href="$classprecision__chirurgicale.html" title="{precision_chirurgicale\n||+ __construct()\l+ calcul_critique()\l}" alt="" coords="632,845,779,941">
<area shape="rect" href="$classpreparation.html" title="{preparation\n||+ __construct()\l+ debut_round()\l}" alt="" coords="803,845,915,941">
<area shape="rect" href="$classactive__effect.html" title="Effect actif : buff ou compétence de combat." alt="" coords="572,469,681,645">
<area shape="rect" href="$classeffect.html" title="Classe de base pour la gestion des effets en combat." alt="" coords="535,5,719,421">
<area shape="rect" href="$classbotte__aigle.html" title="{botte_aigle\n||+ __construct()\l+ debut_round()\l}" alt="" coords="5,1021,117,1117">
<area shape="rect" href="$classbotte__chat.html" title="{botte_chat\n||+ __construct()\l+ debut_round()\l}" alt="" coords="141,1021,253,1117">
<area shape="rect" href="$classbotte__crabe.html" title="{botte_crabe\n||+ __construct()\l+ inflige_degats()\l}" alt="" coords="277,1021,397,1117">
<area shape="rect" href="$classbotte__ours.html" title="{botte_ours\n||+ __construct()\l+ etourdit()\l+ inflige_degats()\l}" alt="" coords="421,1013,541,1125">
<area shape="rect" href="$classbotte__scorpion.html" title="{botte_scorpion\n||+ __construct()\l+ calcul_critique()\l}" alt="" coords="565,1021,688,1117">
<area shape="rect" href="$classbotte__tigre.html" title="{botte_tigre\n||+ __construct()\l+ calcul_degats()\l}" alt="" coords="712,1021,832,1117">
