<area shape="rect" href="$classbotte__scorpion.html#4a1c40ec721ca3614d0b07b685f43a7f" title="Modifie le potentiel critique physique." alt="" coords="160,5,373,35">
<area shape="rect" href="$classbotte__tigre.html#1b5e1e03688fe2a3442dfb05dbeeecee" title="Modifie les dégâts." alt="" coords="177,59,356,88">
<area shape="rect" href="$classbotte__chat.html#eb2fc10d3b98187814f6a4559878ccc2" title="Action a effectuer en début de round." alt="" coords="181,112,352,141">
<area shape="rect" href="$classbotte__aigle.html#2e61e1f46def374d1b891334072d41a0" title="Action a effectuer en début de round." alt="" coords="179,165,355,195">
<area shape="rect" href="$classbotte__ours.html#82e7f504db3826813481b51eeb93dd0e" title="Applique les effets ayant lieu lorsque les dégâts ont lieu." alt="" coords="176,219,357,248">
<area shape="rect" href="$classbotte__crabe.html#27032b857366b9504c3ce54561a0e160" title="Applique les effets ayant lieu lorsque les dégâts ont lieu." alt="" coords="173,272,360,301">
