<area shape="rect" href="$classgemme__enchassee.html#3075289d64883083e79fcb577bb10005" title="Modifie les dégâts lorsque le coup est bloqué (en plus des dégâts bloqués)..." alt="" coords="155,5,421,35">
<area shape="rect" href="$classensable.html#c7f544a6b20ea7ac8a1c3141731fc8e6" title="Modifie le potentiel toucher magique." alt="" coords="175,59,401,88">
<area shape="rect" href="$classbotte__tigre.html#1b5e1e03688fe2a3442dfb05dbeeecee" title="Modifie les dégâts." alt="" coords="487,29,665,59">
<area shape="rect" href="$classbotte.html#e99f544c95d4ec7622daa3f6439c02e4" title="botte::canUse" alt="" coords="236,163,340,192">
<area shape="rect" href="$classbotte__crabe.html#27032b857366b9504c3ce54561a0e160" title="Applique les effets ayant lieu lorsque les dégâts ont lieu." alt="" coords="483,296,669,325">
<area shape="rect" href="$classensable.html#50a7d281df66b6d44a7d7ecbab122cd5" title="Action a effectuer en début de round." alt="" coords="211,267,365,296">
<area shape="rect" href="$classgemme__enchassee.html#406b1cbd878545179cf69caf23474550" title="Applique les effets ayant lieu lorsque les dégâts ont lieu." alt="" coords="171,320,405,349">
<area shape="rect" href="$classfleche__poison.html#d0c01ef2b8d32af6595eadd8780a1274" title="Applique les effets ayant lieu lorsque les dégâts ont lieu." alt="" coords="187,373,389,403">
<area shape="rect" href="$classbotte__scorpion.html#4a1c40ec721ca3614d0b07b685f43a7f" title="Modifie le potentiel critique physique." alt="" coords="469,83,683,112">
<area shape="rect" href="$classbotte__chat.html#eb2fc10d3b98187814f6a4559878ccc2" title="Action a effectuer en début de round." alt="" coords="491,136,661,165">
<area shape="rect" href="$classbotte__aigle.html#2e61e1f46def374d1b891334072d41a0" title="Action a effectuer en début de round." alt="" coords="488,189,664,219">
<area shape="rect" href="$classbotte__ours.html#82e7f504db3826813481b51eeb93dd0e" title="Applique les effets ayant lieu lorsque les dégâts ont lieu." alt="" coords="485,243,667,272">
