<area shape="rect" href="$classactive__effect.html" title="Effect actif : buff ou compétence de combat." alt="" coords="963,1019,1075,1219">
<area shape="rect" href="$classcompetence.html" title="Compétence : c&#39;est un effet qui peut s&#39;améliorer." alt="" coords="1285,1065,1400,1172">
<area shape="rect" href="$classempoisonne.html" title="{empoisonne\n|+ $vigueur\l|+ __construct()\l+ fin_round()\l+ factory()\l}" alt="" coords="1424,1056,1536,1181">
<area shape="rect" href="$classensable.html" title="Ensablé : sous l&#39;effet de flèche de sable." alt="" coords="1560,1037,1752,1200">
<area shape="rect" href="$classgemme__enchassee.html" title="{gemme_enchassee\n|+ $enchantement_type\l+ $enchantement_effet\l+ $enchantement_effet2\l+ $poison\l|+ __construct()\l+ init()\l+ inflige_degats()\l+ applique_bloquage()\l+ calcul_bloquage_reduction()\l+ calcul_bloquage()\l+ calcul_mp()\l+ factory()\l}" alt="" coords="1776,981,1984,1256">
<area shape="rect" href="$classmagnetique.html" title="{magnetique\n|+ $nb\l+ $chance\l+ $titre\l+ $hit\l|+ __construct()\l+ calcul_degats()\l+ fin_round()\l+ magnetise()\l}" alt="" coords="2008,1019,2133,1219">
<area shape="rect" href="$classpoison__lent.html" title="Poison lent: pas d&#39;atténuation de la vigueur." alt="" coords="2157,1056,2269,1181">
<area shape="rect" href="$classcomp__combat.html" title="Competence de combat." alt="" coords="672,1332,784,1420">
<area shape="rect" href="$classbotte.html" title="botte : competence de combat avec une condition" alt="" coords="377,1515,489,1621">
<area shape="rect" href="$classfleche__poison.html" title="{fleche_poison\n|+ $poison\l|+ __construct()\l+ calcul_arme()\l+ inflige_degats()\l+ fin_round()\l}" alt="" coords="513,1496,641,1640">
<area shape="rect" href="$classfleche__sable.html" title="{fleche_sable\n||+ __construct()\l+ calcul_degats()\l}" alt="" coords="665,1515,791,1621">
<area shape="rect" href="$classprecision__chirurgicale.html" title="{precision_chirurgicale\n||+ __construct()\l+ calcul_critique()\l}" alt="" coords="815,1515,975,1621">
<area shape="rect" href="$classpreparation.html" title="{preparation\n||+ __construct()\l+ debut_round()\l}" alt="" coords="999,1515,1119,1621">
<area shape="rect" href="$classbotte__aigle.html" title="{botte_aigle\n||+ __construct()\l+ debut_round()\l}" alt="" coords="5,1697,125,1804">
<area shape="rect" href="$classbotte__chat.html" title="{botte_chat\n||+ __construct()\l+ debut_round()\l}" alt="" coords="149,1697,269,1804">
<area shape="rect" href="$classbotte__crabe.html" title="{botte_crabe\n||+ __construct()\l+ inflige_degats()\l}" alt="" coords="293,1697,421,1804">
<area shape="rect" href="$classbotte__ours.html" title="{botte_ours\n||+ __construct()\l+ etourdit()\l+ inflige_degats()\l}" alt="" coords="445,1688,573,1813">
<area shape="rect" href="$classbotte__scorpion.html" title="{botte_scorpion\n||+ __construct()\l+ calcul_critique()\l}" alt="" coords="597,1697,728,1804">
<area shape="rect" href="$classbotte__tigre.html" title="{botte_tigre\n||+ __construct()\l+ calcul_degats()\l}" alt="" coords="752,1697,877,1804">
<area shape="rect" href="$classart__critique.html" title="{art_critique\n|+ $critique\l|+ __construct()\l+ fin_round()\l+ calcul_mult_critique()\l}" alt="" coords="808,1313,976,1439">
<area shape="rect" href="$classmaitrise__arc.html" title="{maitrise_arc\n||+ __construct()\l+ debut_round()\l+ fin_round()\l+ factory()\l}" alt="" coords="1000,1304,1120,1448">
<area shape="rect" href="$classmaitrise__bouclier.html" title="{maitrise_bouclier\n||+ __construct()\l+ calcul_bloquage()\l+ fin_round()\l+ factory()\l}" alt="" coords="1144,1304,1288,1448">
<area shape="rect" href="$classmaitrise__critique.html" title="{maitrise_critique\n||+ __construct()\l+ calcul_critique()\l+ fin_round()\l+ factory()\l}" alt="" coords="1312,1304,1443,1448">
<area shape="rect" href="$classmaitrise__dague.html" title="{maitrise_dague\n||+ __construct()\l+ debut_round()\l+ fin_round()\l+ factory()\l}" alt="" coords="1467,1304,1587,1448">
<area shape="rect" href="$classmaitrise__epee.html" title="{maitrise_epee\n||+ __construct()\l+ debut_round()\l+ fin_round()\l+ factory()\l}" alt="" coords="1611,1304,1731,1448">
<area shape="rect" href="$classmaitrise__hache.html" title="{maitrise_hache\n||+ __construct()\l+ debut_round()\l+ fin_round()\l+ factory()\l}" alt="" coords="1755,1304,1875,1448">
<area shape="rect" href="$classfleche__magnetique.html" title="{fleche_magnetique\n||+ __construct()\l}" alt="" coords="1967,1332,2105,1420">
<area shape="rect" href="$classglobe__foudre.html" title="{globe_foudre\n||+ __construct()\l}" alt="" coords="2129,1332,2241,1420">
