<area shape="rect" href="$classdb.html#2f6c83e659790391dc6aacc661d45aa4" title="add" alt="" coords="349,19,413,45">
<area shape="rect" href="$classdb.html#7b7e63f6424ba7a85e8daa8bf81d5caf" title="Vérifie les droits d&#39;un utilisateur à une table/colonne." alt="" coords="152,157,261,184">
<area shape="rect" href="$classdb.html#1c38b77638998e50afb2d9dfdfa24115" title="db::delete" alt="" coords="168,208,245,235">
<area shape="rect" href="$classdb.html#aa6f9ee4beba54efd244d7a084da99c4" title="db::get_enum" alt="" coords="157,309,256,336">
<area shape="rect" href="$classdb.html#78ad7cf837964b52afa62e6b606329a2" title="Changement des valeurs d&#39;un typ ENUM." alt="" coords="332,284,431,311">
<area shape="rect" href="$classdb.html#9c0d76eccb30b2c527ab87974e85d758" title="Retourne le nom de la clé primaire d&#39;une table." alt="" coords="137,360,276,387">
<area shape="rect" href="$classdb.html#42640cf484d13cead8f42e9874313152" title="db::get_table_property" alt="" coords="132,56,281,83">
<area shape="rect" href="$classdb.html#419ba2fcbdf6009b7de23c3e7a6091bb" title="db::update" alt="" coords="340,95,423,121">
<area shape="rect" href="$classdb.html#7b718b2a88f68c0b352edf57151a301e" title="db::optimize_db" alt="" coords="151,411,263,437">
<area shape="rect" href="$classdb.html#76676ff4b45acc2b0a384004a4c30272" title="db::table_exists" alt="" coords="151,461,263,488">
