<area shape="rect" href="$classdb.html#9c0d76eccb30b2c527ab87974e85d758" title="Retourne le nom de la clé primaire d&#39;une table." alt="" coords="436,37,583,67">
<area shape="rect" href="$classdb.html#42640cf484d13cead8f42e9874313152" title="db::get_table_property" alt="" coords="429,613,589,643">
<area shape="rect" href="$classdb.html#3226cf59bb5ab3688eb5219e29735066" title="db::is_locked" alt="" coords="457,91,561,120">
<area shape="rect" href="$classdb.html#a3fb51b71380c547620e0c4d7bc8f5a3" title="db::lock" alt="" coords="655,91,727,120">
<area shape="rect" href="$classdb.html#243ee94521cf6de348caf1cfb35851d9" title="db::unlock" alt="" coords="165,301,253,331">
<area shape="rect" href="$classdb.html#2f6c83e659790391dc6aacc661d45aa4" title="add" alt="" coords="657,444,724,473">
<area shape="rect" href="$classdb.html#419ba2fcbdf6009b7de23c3e7a6091bb" title="db::update" alt="" coords="647,587,735,616">
<area shape="rect" href="$classdb.html#39891365ebd656fc16458dcc98678d1e" title="Executer une requète." alt="" coords="301,301,381,331">
<area shape="rect" href="$classdb.html#7b7e63f6424ba7a85e8daa8bf81d5caf" title="Vérifie les droits d&#39;un utilisateur à une table/colonne." alt="" coords="451,195,568,224">
<area shape="rect" href="$classdb.html#1c38b77638998e50afb2d9dfdfa24115" title="db::delete" alt="" coords="468,248,551,277">
<area shape="rect" href="$classdb.html#aa6f9ee4beba54efd244d7a084da99c4" title="db::get_enum" alt="" coords="456,301,563,331">
<area shape="rect" href="$classdb.html#78ad7cf837964b52afa62e6b606329a2" title="Changement des valeurs d&#39;un typ ENUM." alt="" coords="639,328,743,357">
<area shape="rect" href="$classdb.html#7b718b2a88f68c0b352edf57151a301e" title="db::optimize_db" alt="" coords="448,456,571,485">
<area shape="rect" href="$classdb.html#76676ff4b45acc2b0a384004a4c30272" title="db::table_exists" alt="" coords="451,509,568,539">
