<area shape="rect" href="$classbotte.html" title="botte : competence de combat avec une condition" alt="" coords="377,1384,489,1491">
<area shape="rect" href="$classfleche__poison.html" title="{fleche_poison\n|+ $poison\l|+ __construct()\l+ calcul_arme()\l+ inflige_degats()\l+ fin_round()\l}" alt="" coords="513,1365,641,1509">
<area shape="rect" href="$classfleche__sable.html" title="{fleche_sable\n||+ __construct()\l+ calcul_degats()\l}" alt="" coords="665,1384,791,1491">
<area shape="rect" href="$classprecision__chirurgicale.html" title="{precision_chirurgicale\n||+ __construct()\l+ calcul_critique()\l}" alt="" coords="815,1384,975,1491">
<area shape="rect" href="$classpreparation.html" title="{preparation\n||+ __construct()\l+ debut_round()\l}" alt="" coords="999,1384,1119,1491">
<area shape="rect" href="$classactive__effect.html" title="Effect actif : buff ou compétence de combat." alt="" coords="672,981,784,1181">
<area shape="rect" href="$classeffect.html" title="Classe de base pour la gestion des effets en combat." alt="" coords="624,5,832,933">
<area shape="rect" href="$classbotte__aigle.html" title="{botte_aigle\n||+ __construct()\l+ debut_round()\l}" alt="" coords="5,1567,125,1673">
<area shape="rect" href="$classbotte__chat.html" title="{botte_chat\n||+ __construct()\l+ debut_round()\l}" alt="" coords="149,1567,269,1673">
<area shape="rect" href="$classbotte__crabe.html" title="{botte_crabe\n||+ __construct()\l+ inflige_degats()\l}" alt="" coords="293,1567,421,1673">
<area shape="rect" href="$classbotte__ours.html" title="{botte_ours\n||+ __construct()\l+ etourdit()\l+ inflige_degats()\l}" alt="" coords="445,1557,573,1683">
<area shape="rect" href="$classbotte__scorpion.html" title="{botte_scorpion\n||+ __construct()\l+ calcul_critique()\l}" alt="" coords="597,1567,728,1673">
<area shape="rect" href="$classbotte__tigre.html" title="{botte_tigre\n||+ __construct()\l+ calcul_degats()\l}" alt="" coords="752,1567,877,1673">
