<area shape="rect" href="$classusers__models__droits.html#391a150d1ff29baee60e0df09e57f94c" title="users_models_droits::__construct" alt="" coords="175,5,391,32">
<area shape="rect" href="$classusers__droits.html#1c49b0f099d2ffa6273a4b8e9ef558e6" title="users_droits::__construct" alt="" coords="199,56,367,83">
<area shape="rect" href="$classusers.html#294ddc7a80f0f7aa0c7d73acf18900f7" title="users::__construct" alt="" coords="219,107,347,133">
<area shape="rect" href="$classusers__models__droits.html#905d7c99d1538cbeddafa8e153eb6e98" title="users_models_droits::add" alt="" coords="197,157,368,184">
<area shape="rect" href="$classusers.html#5e6d2701ab05aaed3b34701cc23bbb9d" title="users::add" alt="" coords="241,208,324,235">
<area shape="rect" href="$classusers__models__droits.html#01d94e841fa6d30ce0a17a3f1f6cab4b" title="users_models_droits::update" alt="" coords="189,259,376,285">
<area shape="rect" href="$classusers.html#99d29711f304fe4bcefa45ad3674f3eb" title="users::update" alt="" coords="233,309,332,336">
