<area shape="rect" href="$equipement_8inc_8php.html#c3cae32fd35c5c3d572117d38671a59b" title="description_objet" alt="" coords="205,5,333,35">
<area shape="rect" href="$equipement_8inc_8php.html#7819f0d89772aa351963ada3978870a5" title="equip_objet" alt="" coords="435,404,528,433">
<area shape="rect" href="$classperso.html#972f3d33dd1ed1dc5d1d562ac351657a" title="perso::equip_objet" alt="" coords="201,112,337,141">
<area shape="rect" href="$classperso.html#94a27bdb23e16947e0414446d94ab840" title="perso::get_arme" alt="" coords="209,59,329,88">
<area shape="rect" href="$classperso.html#ce027c3842bba1a612944cdada4d0fca" title="perso::get_armure" alt="" coords="203,165,336,195">
<area shape="rect" href="$classperso.html#11dc1459070d174cf36fba8d62c2e5ec" title="perso::get_bouclier" alt="" coords="199,272,340,301">
<area shape="rect" href="$equipement_8inc_8php.html#55119092ee02830738f54f2fc9f5fd7c" title="nom_objet" alt="" coords="225,325,313,355">
<area shape="rect" href="$base_8inc_8php.html#88fdf6e237810847b63a013e59daaddc" title="Fonction gérant l&#39;acquisition d&#39;un objet par un personnage." alt="" coords="221,379,317,408">
<area shape="rect" href="$classinventaire.html#3edb07744682fbcebb14d59f7d62e851" title="inventaire::prend_objet" alt="" coords="188,432,351,461">
<area shape="rect" href="$equipement_8inc_8php.html#cf0c54237b44b383e14a26576197fe9e" title="recherche_nb_objet" alt="" coords="197,485,341,515">
<area shape="rect" href="$classperso.html#9b0363f23403c25deffd3cec7ccf39a3" title="perso::recherche_objet" alt="" coords="188,589,351,619">
<area shape="rect" href="$base_8inc_8php.html#0c244be4e4bf4a7a5ac3d33caec4fe48" title="Fonction permettant de récupérer les infos des perso, et de les renvoyer." alt="" coords="224,219,315,248">
<area shape="rect" href="$equipement_8inc_8php.html#eb5d170da1e7ccdccc8ce037c705f8da" title="verif_echange_joueur" alt="" coords="192,643,347,672">
<area shape="rect" href="$classperso.html#1fefedd46be90c5c841f0bda7b0cfc44" title="perso::get_arme_degat" alt="" coords="400,5,563,35">
<area shape="rect" href="$classperso.html#332861352cd3f63880184e4292b381d0" title="perso::get_arme_type" alt="" coords="404,59,559,88">
<area shape="rect" href="$classperso.html#5d0866e538cacdcd4876f31ebe181ba0" title="perso::get_distance_tir" alt="" coords="400,112,563,141">
<area shape="rect" href="$classperso.html#c245ff7485b3378c75b8bd5426ba6955" title="perso::get_pm" alt="" coords="427,219,536,248">
<area shape="rect" href="$classperso.html#3787e91d00a0d7c8d36db30ebc93e235" title="perso::get_pp" alt="" coords="428,165,535,195">
<area shape="rect" href="$classperso.html#fd7b0565371277e3e81e0df97586c585" title="perso::supprime_objet" alt="" coords="401,589,561,619">
<area shape="rect" href="$equipement_8inc_8php.html#ea0a0acf3578fc049036e57155c05d6d" title="echange_objet_ajout" alt="" coords="407,696,556,725">
<area shape="rect" href="$equipement_8inc_8php.html#29f8f46cb1bf45fdb0d94f39bade0524" title="verif_echange" alt="" coords="428,643,535,672">
