<area shape="rect" href="$base_8inc_8php.html#0c244be4e4bf4a7a5ac3d33caec4fe48" title="Fonction permettant de récupérer les infos des perso, et de les renvoyer." alt="" coords="127,85,217,115">
<area shape="rect" href="$security_8inc_8php.html#48c4fb90180f16ba2648898fc277710a" title="check_undead_players" alt="" coords="267,5,429,35">
<area shape="rect" href="$equipement_8inc_8php.html#7819f0d89772aa351963ada3978870a5" title="equip_objet" alt="" coords="301,59,395,88">
<area shape="rect" href="$quete_8inc_8php.html#4bcfd3fff97b506404ded6239d5fb77d" title="verif_action" alt="" coords="301,112,395,141">
<area shape="rect" href="$equipement_8inc_8php.html#eb5d170da1e7ccdccc8ce037c705f8da" title="verif_echange_joueur" alt="" coords="271,165,425,195">
<area shape="rect" href="$equipement_8inc_8php.html#ea0a0acf3578fc049036e57155c05d6d" title="echange_objet_ajout" alt="" coords="477,139,627,168">
<area shape="rect" href="$equipement_8inc_8php.html#29f8f46cb1bf45fdb0d94f39bade0524" title="verif_echange" alt="" coords="499,192,605,221">
