<area shape="rect" href="$quete_8inc_8php.html#855ac234e25aa8926c3bc594fdb0fdf4" title="fin_quete" alt="" coords="145,19,217,45">
<area shape="rect" href="$base_8inc_8php.html#0c244be4e4bf4a7a5ac3d33caec4fe48" title="recupperso" alt="" coords="139,81,224,108">
<area shape="rect" href="$quete_8inc_8php.html#41e43c9a9929b80cc82ed77870b003ab" title="verif_quete" alt="" coords="140,132,223,159">
<area shape="rect" href="$base_8inc_8php.html#88fdf6e237810847b63a013e59daaddc" title="prend_objet" alt="" coords="276,5,364,32">
<area shape="rect" href="$equipement_8inc_8php.html#100ac4065e5a4228780ac85b43d1dda5" title="decompose_objet" alt="" coords="417,31,540,57">
<area shape="rect" href="$equipement_8inc_8php.html#6650a744ac48ff6b2775a241e8439a8f" title="enchant" alt="" coords="287,107,353,133">
<area shape="rect" href="$time_8inc_8php.html#a8bcd4bada1265a01208f21148f60c5e" title="Indique quel est le moment de la journée (matin, journée, soir ou nuit)." alt="" coords="272,157,368,184">
<area shape="rect" href="$time_8inc_8php.html#5dc4d8d9e53a8d1d65edcab9cd1dacb9" title="Renvoie l&#39;heure (uniquement) qu&#39;il est dans le jeu." alt="" coords="439,157,519,184">
