<area shape="rect" href="$security_8inc_8php.html#342d599f0ae21e6fe9260f8465286660" title="mydie" alt="" coords="617,52,673,79">
<area shape="rect" href="$security_8inc_8php.html#f8b65074db3564dd137ecdda092b1ccc" title="sSQL" alt="" coords="441,153,495,180">
<area shape="rect" href="$security_8inc_8php.html#60f9feaffb8170300315d43771a227af" title="subSSQL" alt="" coords="201,103,279,129">
<area shape="rect" href="$security_8inc_8php.html#daeab4dd700ea3da7bd56d7f141b59ab" title="subSSQLQ" alt="" coords="424,52,512,79">
<area shape="rect" href="$security_8inc_8php.html#8bf9efab3de008fdb9015720f2880153" title="validate_against_printf_predicate" alt="" coords="136,204,344,231">
<area shape="rect" href="$security_8inc_8php.html#5dc44878bc75caf876a642981f4b2f56" title="validate_integer_value" alt="" coords="167,255,313,281">
<area shape="rect" href="$security_8inc_8php.html#cc8ebf9d66d374cc0d338bc4e37c9842" title="sub_validate_predicate" alt="" coords="392,204,544,231">
<area shape="rect" href="$security_8inc_8php.html#22fb39b09ccb994f9940694f85017dd2" title="validate_sql_value" alt="" coords="407,255,529,281">
<area shape="rect" href="$reponses_8inc_8php.html#37dc45dc8166f04edb0ddeb8ad0d318d" title="security_block" alt="" coords="593,255,697,281">
<area shape="rect" href="$reponses_8inc_8php.html#f1965b06a0824d0726fd81508cf910d7" title="send_forbidden" alt="" coords="748,255,855,281">
