<area shape="rect" href="$time_8inc_8php.html#a8bcd4bada1265a01208f21148f60c5e" title="Indique quel est le moment de la journée (matin, journée, soir ou nuit)." alt="" coords="136,56,232,83">
<area shape="rect" href="$attaque_8inc_8php.html#2791684fa0ff34996044148c598a2d64" title="attaque" alt="" coords="291,5,355,32">
<area shape="rect" href="$action_8inc_8php.html#eac6f598954a3952c8dbbaed9d6ea370" title="Lance un sort lors d&#39;un combat." alt="" coords="283,56,363,83">
<area shape="rect" href="$base_8inc_8php.html#0c244be4e4bf4a7a5ac3d33caec4fe48" title="recupperso" alt="" coords="280,107,365,133">
<area shape="rect" href="$security_8inc_8php.html#48c4fb90180f16ba2648898fc277710a" title="check_undead_players" alt="" coords="413,56,568,83">
<area shape="rect" href="$equipement_8inc_8php.html#7819f0d89772aa351963ada3978870a5" title="equip_objet" alt="" coords="447,107,535,133">
<area shape="rect" href="$quete_8inc_8php.html#4bcfd3fff97b506404ded6239d5fb77d" title="verif_action" alt="" coords="448,157,533,184">
